BL51 BANKED LINKER/LOCATER V6.22.2.0                                                    04/16/2019  17:22:41  PAGE 1


BL51 BANKED LINKER/LOCATER V6.22.2.0, INVOKED BY:
D:\PROGRAM FILES (X86)\KEIL_V5\C51\BIN\BL51.EXE .\Objects\test.obj TO .\Objects\Lcd_ST7735 PRINT (.\Listings\Lcd_ST7735.
>> m51) RAMSIZE (256)


MEMORY MODEL: SMALL


INPUT MODULES INCLUDED:
  .\Objects\test.obj (TEST)
  D:\PROGRAM FILES (X86)\KEIL_V5\C51\LIB\C51S.LIB (?C_STARTUP)


LINK MAP OF MODULE:  .\Objects\Lcd_ST7735 (TEST)


            TYPE    BASE      LENGTH    RELOCATION   SEGMENT NAME
            -----------------------------------------------------

            * * * * * * *   D A T A   M E M O R Y   * * * * * * *
            REG     0000H     0008H     ABSOLUTE     "REG BANK 0"
            DATA    0008H     000BH     UNIT         _DATA_GROUP_
            IDATA   0013H     0001H     UNIT         ?STACK

            * * * * * * *   C O D E   M E M O R Y   * * * * * * *
            CODE    0000H     0003H     ABSOLUTE     
                    0003H     07FDH                  *** GAP ***
            CODE    0800H     01AEH     UNIT         ?PR?LCD_INITIAL?TEST
            CODE    09AEH     003DH     UNIT         ?PR?_LCD_SETREGION?TEST
            CODE    09EBH     003DH     UNIT         ?PR?MAIN?TEST
            CODE    0A28H     003CH     UNIT         ?PR?_LCD_CLEAR?TEST
            CODE    0A64H     0024H     UNIT         ?PR?_DELAY?TEST
            CODE    0A88H     0022H     UNIT         ?PR?_SPI_WRITEDATA?TEST
            CODE    0AAAH     0018H     UNIT         ?PR?_LCD_WRITEDATA_16?TEST
            CODE    0AC2H     0012H     UNIT         ?PR?_LCD_WRITEDATA?TEST
            CODE    0AD4H     000EH     UNIT         ?PR?RESET?TEST
            CODE    0AE2H     000CH     UNIT         ?C_C51STARTUP
            CODE    0AEEH     000AH     UNIT         ?PR?_LCD_WRITEINDEX?TEST



OVERLAY MAP OF MODULE:   .\Objects\Lcd_ST7735 (TEST)


SEGMENT                              DATA_GROUP 
  +--> CALLED SEGMENT              START    LENGTH
--------------------------------------------------
?C_C51STARTUP                      -----    -----
  +--> ?PR?MAIN?TEST

?PR?MAIN?TEST                      -----    -----
  +--> ?PR?LCD_INITIAL?TEST
  +--> ?PR?_LCD_CLEAR?TEST
  +--> ?PR?_DELAY?TEST

?PR?LCD_INITIAL?TEST               -----    -----
  +--> ?PR?RESET?TEST
  +--> ?PR?_LCD_WRITEINDEX?TEST
BL51 BANKED LINKER/LOCATER V6.22.2.0                                                  04/16/2019  17:22:41  PAGE 2


  +--> ?PR?_DELAY?TEST
  +--> ?PR?_LCD_WRITEDATA?TEST

?PR?RESET?TEST                     -----    -----
  +--> ?PR?_DELAY?TEST

?PR?_LCD_WRITEINDEX?TEST           -----    -----
  +--> ?PR?_SPI_WRITEDATA?TEST

?PR?_LCD_WRITEDATA?TEST            0012H    0001H
  +--> ?PR?_LCD_WRITEINDEX?TEST
  +--> ?PR?_SPI_WRITEDATA?TEST

?PR?_LCD_CLEAR?TEST                0008H    0002H
  +--> ?PR?_LCD_SETREGION?TEST
  +--> ?PR?_LCD_WRITEDATA_16?TEST

?PR?_LCD_SETREGION?TEST            000AH    0008H
  +--> ?PR?_LCD_WRITEDATA?TEST
  +--> ?PR?_LCD_WRITEINDEX?TEST

?PR?_LCD_WRITEDATA_16?TEST         000AH    0001H
  +--> ?PR?_SPI_WRITEDATA?TEST



SYMBOL TABLE OF MODULE:  .\Objects\Lcd_ST7735 (TEST)

  VALUE           TYPE          NAME
  ----------------------------------

  -------         MODULE        TEST
  C:0000H         SYMBOL        _ICE_DUMMY_
  C:0AEEH         PUBLIC        _Lcd_WriteIndex
  C:0AC7H         PUBLIC        _Lcd_WriteData
  D:00B2H         PUBLIC        P3M0
  D:0090H         PUBLIC        P1
  D:00B1H         PUBLIC        P3M1
  C:0800H         PUBLIC        lcd_initial
  C:0AD4H         PUBLIC        Reset
  C:09AEH         PUBLIC        _Lcd_SetRegion
  C:0A68H         PUBLIC        _delay
  C:0A28H         PUBLIC        _LCD_Clear
  B:0090H.2       PUBLIC        reset
  C:09EBH         PUBLIC        main
  B:0090H.1       PUBLIC        sda
  B:0090H.0       PUBLIC        scl
  C:0AAAH         PUBLIC        _Lcd_WriteData_16
  B:0090H.5       PUBLIC        bl
  B:0090H.4       PUBLIC        cs
  C:0A88H         PUBLIC        _SPI_WriteData
  B:0090H.3       PUBLIC        rs
  C:0A64H         SYMBOL        L?0035
  -------         PROC          L?0034
  -------         ENDPROC       L?0034
  C:0A64H         SYMBOL        L?0035
  -------         PROC          _DELAY
BL51 BANKED LINKER/LOCATER V6.22.2.0                                                  04/16/2019  17:22:41  PAGE 3


  D:0006H         SYMBOL        time
  -------         DO            
  D:0004H         SYMBOL        i
  D:0002H         SYMBOL        j
  -------         ENDDO         
  C:0A68H         LINE#         54
  C:0A68H         LINE#         55
  C:0A68H         LINE#         57
  C:0A72H         LINE#         58
  C:0A87H         LINE#         59
  -------         ENDPROC       _DELAY
  -------         PROC          _SPI_WRITEDATA
  D:0007H         SYMBOL        Data
  -------         DO            
  D:0006H         SYMBOL        i
  -------         ENDDO         
  C:0A88H         LINE#         62
  C:0A88H         LINE#         63
  C:0A88H         LINE#         64
  C:0A88H         LINE#         65
  C:0A94H         LINE#         66
  C:0A94H         LINE#         67
  C:0A98H         LINE#         68
  C:0A9CH         LINE#         69
  C:0A9EH         LINE#         70
  C:0AA0H         LINE#         71
  C:0AA2H         LINE#         72
  C:0AA6H         LINE#         73
  C:0AA9H         LINE#         74
  -------         ENDPROC       _SPI_WRITEDATA
  -------         PROC          _LCD_WRITEINDEX
  D:0007H         SYMBOL        Data
  C:0AEEH         LINE#         76
  C:0AEEH         LINE#         77
  C:0AEEH         LINE#         79
  C:0AF0H         LINE#         80
  C:0AF2H         LINE#         81
  C:0AF5H         LINE#         82
  C:0AF7H         LINE#         83
  -------         ENDPROC       _LCD_WRITEINDEX
  C:0AC2H         SYMBOL        L?0033
  -------         PROC          L?0032
  -------         ENDPROC       L?0032
  C:0AC2H         SYMBOL        L?0033
  -------         PROC          _LCD_WRITEDATA
  D:0007H         SYMBOL        Data
  -------         DO            
  D:0012H         SYMBOL        i
  -------         ENDDO         
  C:0AC7H         LINE#         85
  C:0AC7H         LINE#         86
  C:0AC7H         LINE#         87
  C:0ACAH         LINE#         88
  C:0ACCH         LINE#         89
  C:0ACEH         LINE#         90
  C:0AD1H         LINE#         91
  C:0AD3H         LINE#         92
BL51 BANKED LINKER/LOCATER V6.22.2.0                                                  04/16/2019  17:22:41  PAGE 4


  -------         ENDPROC       _LCD_WRITEDATA
  -------         PROC          _LCD_WRITEDATA_16
  D:0004H         SYMBOL        Data
  -------         DO            
  D:000AH         SYMBOL        i
  -------         ENDDO         
  C:0AAAH         LINE#         94
  C:0AAEH         LINE#         95
  C:0AAEH         LINE#         96
  C:0AB1H         LINE#         97
  C:0AB3H         LINE#         98
  C:0AB5H         LINE#         99
  C:0ABAH         LINE#         100
  C:0ABFH         LINE#         101
  C:0AC1H         LINE#         103
  -------         ENDPROC       _LCD_WRITEDATA_16
  -------         PROC          RESET
  C:0AD4H         LINE#         105
  C:0AD4H         LINE#         106
  C:0AD4H         LINE#         107
  C:0AD6H         LINE#         108
  C:0ADDH         LINE#         109
  C:0ADFH         LINE#         110
  -------         ENDPROC       RESET
  -------         PROC          LCD_INITIAL
  C:0800H         LINE#         114
  C:0800H         LINE#         115
  C:0800H         LINE#         116
  C:0803H         LINE#         119
  C:0808H         LINE#         120
  C:080FH         LINE#         123
  C:0811H         LINE#         124
  C:0814H         LINE#         125
  C:0819H         LINE#         126
  C:081EH         LINE#         128
  C:0820H         LINE#         129
  C:0823H         LINE#         130
  C:0828H         LINE#         131
  C:082DH         LINE#         133
  C:082FH         LINE#         134
  C:0832H         LINE#         135
  C:0837H         LINE#         136
  C:083CH         LINE#         137
  C:0841H         LINE#         138
  C:0846H         LINE#         139
  C:084BH         LINE#         141
  C:0850H         LINE#         142
  C:0855H         LINE#         145
  C:085AH         LINE#         146
  C:085FH         LINE#         147
  C:0864H         LINE#         148
  C:0869H         LINE#         149
  C:086EH         LINE#         150
  C:0873H         LINE#         152
  C:0878H         LINE#         153
  C:087DH         LINE#         154
  C:0882H         LINE#         156
BL51 BANKED LINKER/LOCATER V6.22.2.0                                                  04/16/2019  17:22:41  PAGE 5


  C:0887H         LINE#         157
  C:088CH         LINE#         158
  C:0891H         LINE#         159
  C:0896H         LINE#         160
  C:089BH         LINE#         161
  C:08A0H         LINE#         163
  C:08A5H         LINE#         164
  C:08AAH         LINE#         166
  C:08AFH         LINE#         167
  C:08B4H         LINE#         170
  C:08B9H         LINE#         171
  C:08BEH         LINE#         172
  C:08C3H         LINE#         173
  C:08C8H         LINE#         174
  C:08CDH         LINE#         175
  C:08D2H         LINE#         176
  C:08D7H         LINE#         177
  C:08DCH         LINE#         178
  C:08E1H         LINE#         179
  C:08E6H         LINE#         180
  C:08EBH         LINE#         181
  C:08F0H         LINE#         182
  C:08F5H         LINE#         183
  C:08FAH         LINE#         184
  C:08FFH         LINE#         185
  C:0904H         LINE#         186
  C:0909H         LINE#         188
  C:090EH         LINE#         189
  C:0913H         LINE#         190
  C:0918H         LINE#         191
  C:091DH         LINE#         192
  C:0922H         LINE#         193
  C:0927H         LINE#         194
  C:092CH         LINE#         195
  C:0931H         LINE#         196
  C:0936H         LINE#         197
  C:093BH         LINE#         198
  C:0940H         LINE#         199
  C:0945H         LINE#         200
  C:094AH         LINE#         201
  C:094FH         LINE#         202
  C:0954H         LINE#         203
  C:0959H         LINE#         204
  C:095EH         LINE#         206
  C:0963H         LINE#         207
  C:0968H         LINE#         208
  C:096DH         LINE#         209
  C:0972H         LINE#         210
  C:0977H         LINE#         212
  C:097CH         LINE#         213
  C:0981H         LINE#         214
  C:0986H         LINE#         215
  C:098BH         LINE#         216
  C:0990H         LINE#         218
  C:0992H         LINE#         219
  C:0995H         LINE#         220
  C:099AH         LINE#         221
BL51 BANKED LINKER/LOCATER V6.22.2.0                                                  04/16/2019  17:22:41  PAGE 6


  C:099FH         LINE#         223
  C:09A4H         LINE#         224
  C:09A9H         LINE#         227
  -------         ENDPROC       LCD_INITIAL
  -------         PROC          _LCD_SETREGION
  D:0082H         SYMBOL        x_start
  D:0004H         SYMBOL        y_start
  D:0002H         SYMBOL        x_end
  D:0010H         SYMBOL        y_end
  C:09AEH         LINE#         236
  C:09B0H         LINE#         237
  C:09B0H         LINE#         238
  C:09B2H         LINE#         239
  C:09B5H         LINE#         240
  C:09BEH         LINE#         241
  C:09C3H         LINE#         242
  C:09CAH         LINE#         244
  C:09CFH         LINE#         245
  C:09D4H         LINE#         246
  C:09DAH         LINE#         247
  C:09DFH         LINE#         248
  C:09E6H         LINE#         250
  -------         ENDPROC       _LCD_SETREGION
  -------         PROC          _LCD_CLEAR
  D:0008H         SYMBOL        Color
  -------         DO            
  D:0003H         SYMBOL        i
  D:0002H         SYMBOL        j
  -------         ENDDO         
  C:0A28H         LINE#         255
  C:0A2CH         LINE#         256
  C:0A2CH         LINE#         258
  C:0A3EH         LINE#         259
  C:0A4AH         LINE#         260
  C:0A4AH         LINE#         261
  C:0A56H         LINE#         262
  C:0A56H         LINE#         263
  C:0A5DH         LINE#         264
  C:0A60H         LINE#         265
  C:0A63H         LINE#         266
  -------         ENDPROC       _LCD_CLEAR
  -------         PROC          MAIN
  C:09EBH         LINE#         270
  C:09EBH         LINE#         271
  C:09EBH         LINE#         273
  C:09F1H         LINE#         275
  C:09F4H         LINE#         276
  C:09F6H         LINE#         277
  C:09F6H         LINE#         278
  C:09F6H         LINE#         279
  C:09FDH         LINE#         280
  C:0A00H         LINE#         281
  C:0A07H         LINE#         282
  C:0A0AH         LINE#         283
  C:0A10H         LINE#         284
  C:0A13H         LINE#         285
  C:0A19H         LINE#         286
BL51 BANKED LINKER/LOCATER V6.22.2.0                                                  04/16/2019  17:22:41  PAGE 7


  C:0A1CH         LINE#         287
  C:0A23H         LINE#         288
  C:0A26H         LINE#         289
  -------         ENDPROC       MAIN
  -------         ENDMOD        TEST

******************************************************************************
* RESTRICTED VERSION WITH 0800H BYTE CODE SIZE LIMIT; USED: 02ECH BYTE (36%) *
******************************************************************************

Program Size: data=20.0 xdata=0 code=763
LINK/LOCATE RUN COMPLETE.  0 WARNING(S),  0 ERROR(S)
